// Jest Snapshot v1, https://goo.gl/fbAQLP

exports[`Loading Component should be defined 1`] = `
<View
  style={
    Object {
      "alignItems": "center",
      "flex": 1,
      "height": "100%",
      "justifyContent": "center",
    }
  }
>
  <Image
    source={
      Object {
        "uri": "https://trello-attachments.s3.amazonaws.com/5ec457af3dca9f5428a9f179/210x374/aba40d5ffeb52b3299e1abb01132a636/BoardPub_-_Loading.gif",
      }
    }
    style={
      Object {
        "height": 200,
        "width": 200,
      }
    }
  />
</View>
`;
